// Jest Snapshot v1, https://goo.gl/fbAQLP

exports[`renders correctly 1`] = `
<View
  style={
    Array [
      Object {
        "alignItems": "center",
        "borderBottomColor": "grey",
        "borderBottomWidth": 0.5,
        "flexDirection": "row",
        "marginBottom": 10,
      },
      undefined,
    ]
  }
/>
`;
