// Jest Snapshot v1, https://goo.gl/fbAQLP

exports[`renders correctly 1`] = `
<View
  style={
    Array [
      Object {
        "alignItems": "center",
        "borderBottomColor": "grey",
        "borderBottomWidth": 0.5,
        "flexDirection": "row",
        "marginBottom": 10,
      },
      undefined,
    ]
  }
>
  <RNDateTimePicker
    date={1669799718823}
    displayIOS="default"
    enabled={true}
    is24Hour={true}
    mode="date"
    onChange={[Function]}
    onPickerDismiss={[Function]}
    onResponderTerminationRequest={[Function]}
    onStartShouldSetResponder={[Function]}
    style={
      Object {
        "width": 116,
      }
    }
    testID="date-time-picker"
    textColor="black"
    themeVariant="light"
  />
</View>
`;
